// Jest Snapshot v1, https://goo.gl/fbAQLP

exports[`createKeyHash returns a hash 1`] = `"6k/PzHQ3nixDDJ+oo+/tuGzYlv9tZmBFIXB3kj3053o="`;
