// Jest Snapshot v1, https://goo.gl/fbAQLP

exports[`Verifier rejects getKey properly when getSigningKey returns no keys 1`] = `"[Nyckel] signingKey cannot be null or undefined"`;
