// Jest Snapshot v1, https://goo.gl/fbAQLP

exports[`createSessionManager has the correct signature 1`] = `
Object {
  "delete": [Function],
  "generateId": [Function],
  "get": [Function],
  "has": [Function],
  "isValidId": [Function],
  "lock": [Function],
  "redisClient": Object {
    "client": Object {
      "isThisARedisClient": true,
    },
  },
  "set": [Function],
}
`;
