// Jest Snapshot v1, https://goo.gl/fbAQLP

exports[`getManagementUserRoles should fail if error 1`] = `
Array [
  Array [
    "param:authorizationDomain",
    Object {
      "headers": Object {
        "Authorization": "Bearer token",
      },
    },
  ],
]
`;

exports[`getManagementUserRoles should fail if error 2`] = `"[Nyckel] Encountered an Auth0 API error on 'param:authorizationDomain': oh no, something bad happened"`;

exports[`getManagementUserRoles should re-attempt if rate limited 1`] = `
Array [
  Array [
    "param:authorizationDomain",
    Object {
      "headers": Object {
        "Authorization": "Bearer token",
      },
    },
  ],
  Array [
    "param:authorizationDomain",
    Object {
      "headers": Object {
        "Authorization": "Bearer token",
      },
    },
  ],
]
`;

exports[`getManagementUserRoles should return correctly 1`] = `
Array [
  Array [
    "param:authorizationDomain",
    Object {
      "headers": Object {
        "Authorization": "Bearer token",
      },
    },
  ],
]
`;

exports[`getManagementUserRoles should return correctly 2`] = `
Object {
  "data": "userRoles",
}
`;

exports[`getManagementUserRoles should update rate limiting correctly 1`] = `
Array [
  Array [
    "param:authorizationDomain",
    Object {
      "headers": Object {
        "Authorization": "Bearer token",
      },
    },
  ],
]
`;

exports[`getManagementUserRoles should wait for rate limiting correctly 1`] = `
Array [
  Array [
    "param:authorizationDomain",
    Object {
      "headers": Object {
        "Authorization": "Bearer token",
      },
    },
  ],
]
`;
